[0.009s] Invoking command in '/home/logicbomb/Projects/explorer/build/explorer': CMAKE_PREFIX_PATH=${CMAKE_PREFIX_PATH}:/home/logicbomb/ros2_ws/install/rtabmap_python:/opt/ros/jazzy DEBUGINFOD_URLS=https://debuginfod.ubuntu.com /usr/bin/cmake /home/logicbomb/Projects/explorer -DCMAKE_EXPORT_COMPILE_COMMANDS=ON -DCMAKE_INSTALL_PREFIX=/home/logicbomb/Projects/explorer/install/explorer
[0.017s] -- Found ament_cmake: 2.5.6 (/opt/ros/jazzy/share/ament_cmake/cmake)
[0.168s] -- Found rclcpp: 28.1.21 (/opt/ros/jazzy/share/rclcpp/cmake)
[0.185s] -- Found rosidl_generator_c: 4.6.9 (/opt/ros/jazzy/share/rosidl_generator_c/cmake)
[0.190s] -- Found rosidl_generator_cpp: 4.6.9 (/opt/ros/jazzy/share/rosidl_generator_cpp/cmake)
[0.197s] -- Using all available rosidl_typesupport_c: rosidl_typesupport_fastrtps_c;rosidl_typesupport_introspection_c
[0.204s] -- Using all available rosidl_typesupport_cpp: rosidl_typesupport_fastrtps_cpp;rosidl_typesupport_introspection_cpp
[0.241s] -- Found rmw_implementation_cmake: 7.3.3 (/opt/ros/jazzy/share/rmw_implementation_cmake/cmake)
[0.242s] -- Found rmw_fastrtps_cpp: 8.4.4 (/opt/ros/jazzy/share/rmw_fastrtps_cpp/cmake)
[0.285s] -- Using RMW implementation 'rmw_fastrtps_cpp' as default
[0.327s] -- Found ament_lint_auto: 0.17.5 (/opt/ros/jazzy/share/ament_lint_auto/cmake)
[0.382s] -- Added test 'cppcheck' to perform static code analysis on C / C++ code
[0.383s] -- Configured cppcheck include dirs: 
[0.383s] -- Configured cppcheck exclude dirs and/or files: 
[0.383s] -- Added test 'flake8' to check Python code syntax and style conventions
[0.383s] -- Configured 'flake8' exclude dirs and/or files: 
[0.385s] -- Added test 'lint_cmake' to check CMake code style
[0.385s] -- Added test 'pep257' to check Python code against some of the docstring style conventions in PEP 257
[0.389s] -- Added test 'uncrustify' to check C / C++ code style
[0.389s] -- Configured uncrustify additional arguments: 
[0.390s] -- Added test 'xmllint' to check XML markup files
[0.390s] -- Configuring done (0.4s)
[0.395s] -- Generating done (0.0s)
[0.397s] -- Build files have been written to: /home/logicbomb/Projects/explorer/build/explorer
[0.401s] Invoked command in '/home/logicbomb/Projects/explorer/build/explorer' returned '0': CMAKE_PREFIX_PATH=${CMAKE_PREFIX_PATH}:/home/logicbomb/ros2_ws/install/rtabmap_python:/opt/ros/jazzy DEBUGINFOD_URLS=https://debuginfod.ubuntu.com /usr/bin/cmake /home/logicbomb/Projects/explorer -DCMAKE_EXPORT_COMPILE_COMMANDS=ON -DCMAKE_INSTALL_PREFIX=/home/logicbomb/Projects/explorer/install/explorer
[0.402s] Invoking command in '/home/logicbomb/Projects/explorer/build/explorer': CMAKE_PREFIX_PATH=${CMAKE_PREFIX_PATH}:/home/logicbomb/ros2_ws/install/rtabmap_python:/opt/ros/jazzy DEBUGINFOD_URLS=https://debuginfod.ubuntu.com /usr/bin/cmake --build /home/logicbomb/Projects/explorer/build/explorer -- -j20 -l20
[0.442s] [100%] Built target publisher
[0.450s] Invoked command in '/home/logicbomb/Projects/explorer/build/explorer' returned '0': CMAKE_PREFIX_PATH=${CMAKE_PREFIX_PATH}:/home/logicbomb/ros2_ws/install/rtabmap_python:/opt/ros/jazzy DEBUGINFOD_URLS=https://debuginfod.ubuntu.com /usr/bin/cmake --build /home/logicbomb/Projects/explorer/build/explorer -- -j20 -l20
[0.456s] Invoking command in '/home/logicbomb/Projects/explorer/build/explorer': CMAKE_PREFIX_PATH=${CMAKE_PREFIX_PATH}:/home/logicbomb/ros2_ws/install/rtabmap_python:/opt/ros/jazzy DEBUGINFOD_URLS=https://debuginfod.ubuntu.com /usr/bin/cmake --install /home/logicbomb/Projects/explorer/build/explorer
[0.460s] -- Install configuration: ""
[0.460s] -- Up-to-date: /home/logicbomb/Projects/explorer/install/explorer/lib/explorer/publisher
[0.460s] -- Up-to-date: /home/logicbomb/Projects/explorer/install/explorer/share/ament_index/resource_index/package_run_dependencies/explorer
[0.460s] -- Installing: /home/logicbomb/Projects/explorer/install/explorer/share/ament_index/resource_index/parent_prefix_path/explorer
[0.461s] -- Up-to-date: /home/logicbomb/Projects/explorer/install/explorer/share/explorer/environment/ament_prefix_path.sh
[0.461s] -- Up-to-date: /home/logicbomb/Projects/explorer/install/explorer/share/explorer/environment/ament_prefix_path.dsv
[0.461s] -- Up-to-date: /home/logicbomb/Projects/explorer/install/explorer/share/explorer/environment/path.sh
[0.461s] -- Up-to-date: /home/logicbomb/Projects/explorer/install/explorer/share/explorer/environment/path.dsv
[0.461s] -- Up-to-date: /home/logicbomb/Projects/explorer/install/explorer/share/explorer/local_setup.bash
[0.461s] -- Up-to-date: /home/logicbomb/Projects/explorer/install/explorer/share/explorer/local_setup.sh
[0.461s] -- Up-to-date: /home/logicbomb/Projects/explorer/install/explorer/share/explorer/local_setup.zsh
[0.461s] -- Up-to-date: /home/logicbomb/Projects/explorer/install/explorer/share/explorer/local_setup.dsv
[0.461s] -- Installing: /home/logicbomb/Projects/explorer/install/explorer/share/explorer/package.dsv
[0.461s] -- Up-to-date: /home/logicbomb/Projects/explorer/install/explorer/share/ament_index/resource_index/packages/explorer
[0.461s] -- Up-to-date: /home/logicbomb/Projects/explorer/install/explorer/share/explorer/cmake/explorerConfig.cmake
[0.461s] -- Up-to-date: /home/logicbomb/Projects/explorer/install/explorer/share/explorer/cmake/explorerConfig-version.cmake
[0.461s] -- Up-to-date: /home/logicbomb/Projects/explorer/install/explorer/share/explorer/package.xml
[0.462s] Invoked command in '/home/logicbomb/Projects/explorer/build/explorer' returned '0': CMAKE_PREFIX_PATH=${CMAKE_PREFIX_PATH}:/home/logicbomb/ros2_ws/install/rtabmap_python:/opt/ros/jazzy DEBUGINFOD_URLS=https://debuginfod.ubuntu.com /usr/bin/cmake --install /home/logicbomb/Projects/explorer/build/explorer
