-- The C compiler identification is GNU 13.3.0
-- The CXX compiler identification is GNU 13.3.0
-- Detecting C compiler ABI info
-- Detecting C compiler ABI info - done
-- Check for working C compiler: /usr/bin/cc - skipped
-- Detecting C compile features
-- Detecting C compile features - done
-- Detecting CXX compiler ABI info
-- Detecting CXX compiler ABI info - done
-- Check for working CXX compiler: /usr/bin/c++ - skipped
-- Detecting CXX compile features
-- Detecting CXX compile features - done
-- Found ament_cmake: 2.5.6 (/opt/ros/jazzy/share/ament_cmake/cmake)
-- Found Python3: /usr/bin/python3 (found version "3.12.3") found components: Interpreter 
-- Found rclcpp: 28.1.21 (/opt/ros/jazzy/share/rclcpp/cmake)
-- Found rosidl_generator_c: 4.6.9 (/opt/ros/jazzy/share/rosidl_generator_c/cmake)
-- Found rosidl_generator_cpp: 4.6.9 (/opt/ros/jazzy/share/rosidl_generator_cpp/cmake)
-- Using all available rosidl_typesupport_c: rosidl_typesupport_fastrtps_c;rosidl_typesupport_introspection_c
-- Using all available rosidl_typesupport_cpp: rosidl_typesupport_fastrtps_cpp;rosidl_typesupport_introspection_cpp
-- Found rmw_implementation_cmake: 7.3.3 (/opt/ros/jazzy/share/rmw_implementation_cmake/cmake)
-- Found rmw_fastrtps_cpp: 8.4.4 (/opt/ros/jazzy/share/rmw_fastrtps_cpp/cmake)
-- Found OpenSSL: /usr/lib/x86_64-linux-gnu/libcrypto.so (found version "3.0.13")  
-- Found FastRTPS: /opt/ros/jazzy/include (Required is at least version "2.13") 
-- Using RMW implementation 'rmw_fastrtps_cpp' as default
-- Found ament_lint_auto: 0.17.5 (/opt/ros/jazzy/share/ament_lint_auto/cmake)
-- Added test 'cppcheck' to perform static code analysis on C / C++ code
-- Configured cppcheck include dirs: 
-- Configured cppcheck exclude dirs and/or files: 
-- Added test 'lint_cmake' to check CMake code style
-- Added test 'uncrustify' to check C / C++ code style
-- Configured uncrustify additional arguments: 
-- Added test 'xmllint' to check XML markup files
-- Configuring done (1.2s)
-- Generating done (0.0s)
-- Build files have been written to: /home/logicbomb/Projects/explorer/build/explorer
[ 50%] [32mBuilding CXX object CMakeFiles/publisher.dir/src/publisher.cpp.o[0m
[100%] [32m[1mLinking CXX executable publisher[0m
[100%] Built target publisher
-- Install configuration: ""
-- Installing: /home/logicbomb/Projects/explorer/install/explorer/lib/explorer/publisher
-- Set non-toolchain portion of runtime path of "/home/logicbomb/Projects/explorer/install/explorer/lib/explorer/publisher" to ""
-- Installing: /home/logicbomb/Projects/explorer/install/explorer/share/ament_index/resource_index/package_run_dependencies/explorer
-- Installing: /home/logicbomb/Projects/explorer/install/explorer/share/ament_index/resource_index/parent_prefix_path/explorer
-- Installing: /home/logicbomb/Projects/explorer/install/explorer/share/explorer/environment/ament_prefix_path.sh
-- Installing: /home/logicbomb/Projects/explorer/install/explorer/share/explorer/environment/ament_prefix_path.dsv
-- Installing: /home/logicbomb/Projects/explorer/install/explorer/share/explorer/environment/path.sh
-- Installing: /home/logicbomb/Projects/explorer/install/explorer/share/explorer/environment/path.dsv
-- Installing: /home/logicbomb/Projects/explorer/install/explorer/share/explorer/local_setup.bash
-- Installing: /home/logicbomb/Projects/explorer/install/explorer/share/explorer/local_setup.sh
-- Installing: /home/logicbomb/Projects/explorer/install/explorer/share/explorer/local_setup.zsh
-- Installing: /home/logicbomb/Projects/explorer/install/explorer/share/explorer/local_setup.dsv
-- Installing: /home/logicbomb/Projects/explorer/install/explorer/share/explorer/package.dsv
-- Installing: /home/logicbomb/Projects/explorer/install/explorer/share/ament_index/resource_index/packages/explorer
-- Installing: /home/logicbomb/Projects/explorer/install/explorer/share/explorer/cmake/explorerConfig.cmake
-- Installing: /home/logicbomb/Projects/explorer/install/explorer/share/explorer/cmake/explorerConfig-version.cmake
-- Installing: /home/logicbomb/Projects/explorer/install/explorer/share/explorer/package.xml
