[0.006s] Invoking command in '/home/logicbomb/Projects/explorer/build/explorer': CMAKE_PREFIX_PATH=${CMAKE_PREFIX_PATH}:/home/logicbomb/ros2_ws/install/rtabmap_python:/opt/ros/jazzy DEBUGINFOD_URLS=https://debuginfod.ubuntu.com /usr/bin/cmake /home/logicbomb/Projects/explorer -DCMAKE_INSTALL_PREFIX=/home/logicbomb/Projects/explorer/install/explorer
[0.125s] -- The C compiler identification is GNU 13.3.0
[0.218s] -- The CXX compiler identification is GNU 13.3.0
[0.238s] -- Detecting C compiler ABI info
[0.428s] -- Detecting C compiler ABI info - done
[0.440s] -- Check for working C compiler: /usr/bin/cc - skipped
[0.440s] -- Detecting C compile features
[0.441s] -- Detecting C compile features - done
[0.453s] -- Detecting CXX compiler ABI info
[0.560s] -- Detecting CXX compiler ABI info - done
[0.565s] -- Check for working CXX compiler: /usr/bin/c++ - skipped
[0.565s] -- Detecting CXX compile features
[0.565s] -- Detecting CXX compile features - done
[0.570s] -- Found ament_cmake: 2.5.6 (/opt/ros/jazzy/share/ament_cmake/cmake)
[0.669s] -- Found Python3: /usr/bin/python3 (found version "3.12.3") found components: Interpreter 
[0.746s] -- Found rclcpp: 28.1.21 (/opt/ros/jazzy/share/rclcpp/cmake)
[0.780s] -- Found rosidl_generator_c: 4.6.9 (/opt/ros/jazzy/share/rosidl_generator_c/cmake)
[0.791s] -- Found rosidl_generator_cpp: 4.6.9 (/opt/ros/jazzy/share/rosidl_generator_cpp/cmake)
[0.804s] -- Using all available rosidl_typesupport_c: rosidl_typesupport_fastrtps_c;rosidl_typesupport_introspection_c
[0.817s] -- Using all available rosidl_typesupport_cpp: rosidl_typesupport_fastrtps_cpp;rosidl_typesupport_introspection_cpp
[0.873s] -- Found rmw_implementation_cmake: 7.3.3 (/opt/ros/jazzy/share/rmw_implementation_cmake/cmake)
[0.876s] -- Found rmw_fastrtps_cpp: 8.4.4 (/opt/ros/jazzy/share/rmw_fastrtps_cpp/cmake)
[0.986s] -- Found OpenSSL: /usr/lib/x86_64-linux-gnu/libcrypto.so (found version "3.0.13")  
[1.011s] -- Found FastRTPS: /opt/ros/jazzy/include (Required is at least version "2.13") 
[1.029s] -- Using RMW implementation 'rmw_fastrtps_cpp' as default
[1.091s] -- Found ament_lint_auto: 0.17.5 (/opt/ros/jazzy/share/ament_lint_auto/cmake)
[1.161s] -- Added test 'cppcheck' to perform static code analysis on C / C++ code
[1.161s] -- Configured cppcheck include dirs: 
[1.161s] -- Configured cppcheck exclude dirs and/or files: 
[1.162s] -- Added test 'lint_cmake' to check CMake code style
[1.164s] -- Added test 'uncrustify' to check C / C++ code style
[1.164s] -- Configured uncrustify additional arguments: 
[1.165s] -- Added test 'xmllint' to check XML markup files
[1.166s] -- Configuring done (1.2s)
[1.170s] -- Generating done (0.0s)
[1.172s] -- Build files have been written to: /home/logicbomb/Projects/explorer/build/explorer
[1.178s] Invoked command in '/home/logicbomb/Projects/explorer/build/explorer' returned '0': CMAKE_PREFIX_PATH=${CMAKE_PREFIX_PATH}:/home/logicbomb/ros2_ws/install/rtabmap_python:/opt/ros/jazzy DEBUGINFOD_URLS=https://debuginfod.ubuntu.com /usr/bin/cmake /home/logicbomb/Projects/explorer -DCMAKE_INSTALL_PREFIX=/home/logicbomb/Projects/explorer/install/explorer
[1.179s] Invoking command in '/home/logicbomb/Projects/explorer/build/explorer': CMAKE_PREFIX_PATH=${CMAKE_PREFIX_PATH}:/home/logicbomb/ros2_ws/install/rtabmap_python:/opt/ros/jazzy DEBUGINFOD_URLS=https://debuginfod.ubuntu.com /usr/bin/cmake --build /home/logicbomb/Projects/explorer/build/explorer -- -j20 -l20
[1.232s] [ 50%] [32mBuilding CXX object CMakeFiles/publisher.dir/src/publisher.cpp.o[0m
[2.572s] [100%] [32m[1mLinking CXX executable publisher[0m
[2.668s] [100%] Built target publisher
[2.675s] Invoked command in '/home/logicbomb/Projects/explorer/build/explorer' returned '0': CMAKE_PREFIX_PATH=${CMAKE_PREFIX_PATH}:/home/logicbomb/ros2_ws/install/rtabmap_python:/opt/ros/jazzy DEBUGINFOD_URLS=https://debuginfod.ubuntu.com /usr/bin/cmake --build /home/logicbomb/Projects/explorer/build/explorer -- -j20 -l20
[2.684s] Invoking command in '/home/logicbomb/Projects/explorer/build/explorer': CMAKE_PREFIX_PATH=${CMAKE_PREFIX_PATH}:/home/logicbomb/ros2_ws/install/rtabmap_python:/opt/ros/jazzy DEBUGINFOD_URLS=https://debuginfod.ubuntu.com /usr/bin/cmake --install /home/logicbomb/Projects/explorer/build/explorer
[2.690s] -- Install configuration: ""
[2.690s] -- Installing: /home/logicbomb/Projects/explorer/install/explorer/lib/explorer/publisher
[2.690s] -- Set non-toolchain portion of runtime path of "/home/logicbomb/Projects/explorer/install/explorer/lib/explorer/publisher" to ""
[2.690s] -- Installing: /home/logicbomb/Projects/explorer/install/explorer/share/ament_index/resource_index/package_run_dependencies/explorer
[2.690s] -- Installing: /home/logicbomb/Projects/explorer/install/explorer/share/ament_index/resource_index/parent_prefix_path/explorer
[2.690s] -- Installing: /home/logicbomb/Projects/explorer/install/explorer/share/explorer/environment/ament_prefix_path.sh
[2.690s] -- Installing: /home/logicbomb/Projects/explorer/install/explorer/share/explorer/environment/ament_prefix_path.dsv
[2.690s] -- Installing: /home/logicbomb/Projects/explorer/install/explorer/share/explorer/environment/path.sh
[2.690s] -- Installing: /home/logicbomb/Projects/explorer/install/explorer/share/explorer/environment/path.dsv
[2.690s] -- Installing: /home/logicbomb/Projects/explorer/install/explorer/share/explorer/local_setup.bash
[2.691s] -- Installing: /home/logicbomb/Projects/explorer/install/explorer/share/explorer/local_setup.sh
[2.691s] -- Installing: /home/logicbomb/Projects/explorer/install/explorer/share/explorer/local_setup.zsh
[2.691s] -- Installing: /home/logicbomb/Projects/explorer/install/explorer/share/explorer/local_setup.dsv
[2.691s] -- Installing: /home/logicbomb/Projects/explorer/install/explorer/share/explorer/package.dsv
[2.691s] -- Installing: /home/logicbomb/Projects/explorer/install/explorer/share/ament_index/resource_index/packages/explorer
[2.691s] -- Installing: /home/logicbomb/Projects/explorer/install/explorer/share/explorer/cmake/explorerConfig.cmake
[2.691s] -- Installing: /home/logicbomb/Projects/explorer/install/explorer/share/explorer/cmake/explorerConfig-version.cmake
[2.691s] -- Installing: /home/logicbomb/Projects/explorer/install/explorer/share/explorer/package.xml
[2.692s] Invoked command in '/home/logicbomb/Projects/explorer/build/explorer' returned '0': CMAKE_PREFIX_PATH=${CMAKE_PREFIX_PATH}:/home/logicbomb/ros2_ws/install/rtabmap_python:/opt/ros/jazzy DEBUGINFOD_URLS=https://debuginfod.ubuntu.com /usr/bin/cmake --install /home/logicbomb/Projects/explorer/build/explorer
