[0.056s] DEBUG:colcon:Command line arguments: ['/usr/bin/colcon', 'build', '--packages-select', 'explorer', '--cmake-args', '-DCMAKE_EXPORT_COMPILE_COMMANDS=ON']
[0.056s] DEBUG:colcon:Parsed command line arguments: Namespace(log_base=None, log_level=None, verb_name='build', build_base='build', install_base='install', merge_install=False, symlink_install=False, test_result_base=None, continue_on_error=False, executor='parallel', parallel_workers=20, event_handlers=None, ignore_user_meta=False, metas=['./colcon.meta'], base_paths=['.'], packages_ignore=None, packages_ignore_regex=None, paths=None, packages_up_to=None, packages_up_to_regex=None, packages_above=None, packages_above_and_dependencies=None, packages_above_depth=None, packages_select_by_dep=None, packages_skip_by_dep=None, packages_skip_up_to=None, packages_select_build_failed=False, packages_skip_build_finished=False, packages_select_test_failures=False, packages_skip_test_passed=False, packages_select=['explorer'], packages_skip=None, packages_select_regex=None, packages_skip_regex=None, packages_start=None, packages_end=None, allow_overriding=[], cmake_args=['-DCMAKE_EXPORT_COMPILE_COMMANDS=ON'], cmake_target=None, cmake_target_skip_unavailable=False, cmake_clean_cache=False, cmake_clean_first=False, cmake_force_configure=False, ament_cmake_args=None, catkin_cmake_args=None, catkin_skip_building_tests=False, mixin_files=None, mixin=None, verb_parser=<colcon_mixin.mixin.mixin_argument.MixinArgumentDecorator object at 0x702d476af830>, verb_extension=<colcon_core.verb.build.BuildVerb object at 0x702d47edf4a0>, main=<bound method BuildVerb.main of <colcon_core.verb.build.BuildVerb object at 0x702d47edf4a0>>, mixin_verb=('build',))
[0.076s] Level 1:colcon.colcon_core.package_discovery:discover_packages(colcon_meta) check parameters
[0.076s] Level 1:colcon.colcon_core.package_discovery:discover_packages(recursive) check parameters
[0.076s] Level 1:colcon.colcon_core.package_discovery:discover_packages(ignore) check parameters
[0.076s] Level 1:colcon.colcon_core.package_discovery:discover_packages(path) check parameters
[0.076s] Level 1:colcon.colcon_core.package_discovery:discover_packages(colcon_meta) discover
[0.076s] Level 1:colcon.colcon_core.package_discovery:discover_packages(recursive) discover
[0.076s] INFO:colcon.colcon_core.package_discovery:Crawling recursively for packages in '/home/logicbomb/Projects/explorer'
[0.076s] Level 1:colcon.colcon_core.package_identification:_identify(.) by extensions ['ignore', 'ignore_ament_install']
[0.076s] Level 1:colcon.colcon_core.package_identification:_identify(.) by extension 'ignore'
[0.076s] Level 1:colcon.colcon_core.package_identification:_identify(.) by extension 'ignore_ament_install'
[0.076s] Level 1:colcon.colcon_core.package_identification:_identify(.) by extensions ['colcon_pkg']
[0.076s] Level 1:colcon.colcon_core.package_identification:_identify(.) by extension 'colcon_pkg'
[0.076s] Level 1:colcon.colcon_core.package_identification:_identify(.) by extensions ['colcon_meta']
[0.076s] Level 1:colcon.colcon_core.package_identification:_identify(.) by extension 'colcon_meta'
[0.076s] Level 1:colcon.colcon_core.package_identification:_identify(.) by extensions ['ros']
[0.076s] Level 1:colcon.colcon_core.package_identification:_identify(.) by extension 'ros'
[0.091s] DEBUG:colcon.colcon_core.package_identification:Package '.' with type 'ros.ament_cmake' and name 'explorer'
[0.091s] Level 1:colcon.colcon_core.package_discovery:discover_packages(recursive) using defaults
[0.091s] Level 1:colcon.colcon_core.package_discovery:discover_packages(ignore) discover
[0.091s] Level 1:colcon.colcon_core.package_discovery:discover_packages(ignore) using defaults
[0.091s] Level 1:colcon.colcon_core.package_discovery:discover_packages(path) discover
[0.091s] Level 1:colcon.colcon_core.package_discovery:discover_packages(path) using defaults
[0.101s] Level 1:colcon.colcon_core.package_discovery:discover_packages(prefix_path) check parameters
[0.101s] Level 1:colcon.colcon_core.package_discovery:discover_packages(prefix_path) discover
[0.102s] DEBUG:colcon.colcon_installed_package_information.package_discovery:Found 15 installed packages in /home/logicbomb/ros2_ws/install
[0.102s] DEBUG:colcon.colcon_installed_package_information.package_discovery:Found 1 installed packages in /home/logicbomb/Projects/explorer/install
[0.103s] DEBUG:colcon.colcon_installed_package_information.package_discovery:Found 507 installed packages in /opt/ros/jazzy
[0.105s] Level 1:colcon.colcon_core.package_discovery:discover_packages(prefix_path) using defaults
[0.137s] Level 5:colcon.colcon_core.verb:set package 'explorer' build argument 'cmake_args' from command line to '['-DCMAKE_EXPORT_COMPILE_COMMANDS=ON']'
[0.137s] Level 5:colcon.colcon_core.verb:set package 'explorer' build argument 'cmake_target' from command line to 'None'
[0.137s] Level 5:colcon.colcon_core.verb:set package 'explorer' build argument 'cmake_target_skip_unavailable' from command line to 'False'
[0.137s] Level 5:colcon.colcon_core.verb:set package 'explorer' build argument 'cmake_clean_cache' from command line to 'False'
[0.137s] Level 5:colcon.colcon_core.verb:set package 'explorer' build argument 'cmake_clean_first' from command line to 'False'
[0.137s] Level 5:colcon.colcon_core.verb:set package 'explorer' build argument 'cmake_force_configure' from command line to 'False'
[0.137s] Level 5:colcon.colcon_core.verb:set package 'explorer' build argument 'ament_cmake_args' from command line to 'None'
[0.137s] Level 5:colcon.colcon_core.verb:set package 'explorer' build argument 'catkin_cmake_args' from command line to 'None'
[0.137s] Level 5:colcon.colcon_core.verb:set package 'explorer' build argument 'catkin_skip_building_tests' from command line to 'False'
[0.137s] DEBUG:colcon.colcon_core.verb:Building package 'explorer' with the following arguments: {'ament_cmake_args': None, 'build_base': '/home/logicbomb/Projects/explorer/build/explorer', 'catkin_cmake_args': None, 'catkin_skip_building_tests': False, 'cmake_args': ['-DCMAKE_EXPORT_COMPILE_COMMANDS=ON'], 'cmake_clean_cache': False, 'cmake_clean_first': False, 'cmake_force_configure': False, 'cmake_target': None, 'cmake_target_skip_unavailable': False, 'install_base': '/home/logicbomb/Projects/explorer/install/explorer', 'merge_install': False, 'path': '/home/logicbomb/Projects/explorer', 'symlink_install': False, 'test_result_base': None}
[0.137s] INFO:colcon.colcon_core.executor:Executing jobs using 'parallel' executor
[0.138s] DEBUG:colcon.colcon_parallel_executor.executor.parallel:run_until_complete
[0.138s] INFO:colcon.colcon_ros.task.ament_cmake.build:Building ROS package in '/home/logicbomb/Projects/explorer' with build type 'ament_cmake'
[0.138s] INFO:colcon.colcon_cmake.task.cmake.build:Building CMake package in '/home/logicbomb/Projects/explorer'
[0.139s] INFO:colcon.colcon_core.plugin_system:Skipping extension 'colcon_core.shell.bat': Not used on non-Windows systems
[0.139s] INFO:colcon.colcon_core.shell:Skip shell extension 'powershell' for command environment: Not usable outside of PowerShell
[0.139s] DEBUG:colcon.colcon_core.shell:Skip shell extension 'dsv' for command environment
[0.147s] DEBUG:colcon.colcon_core.event_handler.log_command:Invoking command in '/home/logicbomb/Projects/explorer/build/explorer': CMAKE_PREFIX_PATH=${CMAKE_PREFIX_PATH}:/home/logicbomb/ros2_ws/install/rtabmap_python:/opt/ros/jazzy DEBUGINFOD_URLS=https://debuginfod.ubuntu.com /usr/bin/cmake /home/logicbomb/Projects/explorer -DCMAKE_EXPORT_COMPILE_COMMANDS=ON -DCMAKE_INSTALL_PREFIX=/home/logicbomb/Projects/explorer/install/explorer
[0.539s] DEBUG:colcon.colcon_core.event_handler.log_command:Invoked command in '/home/logicbomb/Projects/explorer/build/explorer' returned '0': CMAKE_PREFIX_PATH=${CMAKE_PREFIX_PATH}:/home/logicbomb/ros2_ws/install/rtabmap_python:/opt/ros/jazzy DEBUGINFOD_URLS=https://debuginfod.ubuntu.com /usr/bin/cmake /home/logicbomb/Projects/explorer -DCMAKE_EXPORT_COMPILE_COMMANDS=ON -DCMAKE_INSTALL_PREFIX=/home/logicbomb/Projects/explorer/install/explorer
[0.540s] DEBUG:colcon.colcon_core.event_handler.log_command:Invoking command in '/home/logicbomb/Projects/explorer/build/explorer': CMAKE_PREFIX_PATH=${CMAKE_PREFIX_PATH}:/home/logicbomb/ros2_ws/install/rtabmap_python:/opt/ros/jazzy DEBUGINFOD_URLS=https://debuginfod.ubuntu.com /usr/bin/cmake --build /home/logicbomb/Projects/explorer/build/explorer -- -j20 -l20
[0.588s] DEBUG:colcon.colcon_core.event_handler.log_command:Invoked command in '/home/logicbomb/Projects/explorer/build/explorer' returned '0': CMAKE_PREFIX_PATH=${CMAKE_PREFIX_PATH}:/home/logicbomb/ros2_ws/install/rtabmap_python:/opt/ros/jazzy DEBUGINFOD_URLS=https://debuginfod.ubuntu.com /usr/bin/cmake --build /home/logicbomb/Projects/explorer/build/explorer -- -j20 -l20
[0.594s] DEBUG:colcon.colcon_core.event_handler.log_command:Invoking command in '/home/logicbomb/Projects/explorer/build/explorer': CMAKE_PREFIX_PATH=${CMAKE_PREFIX_PATH}:/home/logicbomb/ros2_ws/install/rtabmap_python:/opt/ros/jazzy DEBUGINFOD_URLS=https://debuginfod.ubuntu.com /usr/bin/cmake --install /home/logicbomb/Projects/explorer/build/explorer
[0.599s] Level 1:colcon.colcon_core.environment:create_environment_scripts_only(explorer)
[0.600s] DEBUG:colcon.colcon_core.event_handler.log_command:Invoked command in '/home/logicbomb/Projects/explorer/build/explorer' returned '0': CMAKE_PREFIX_PATH=${CMAKE_PREFIX_PATH}:/home/logicbomb/ros2_ws/install/rtabmap_python:/opt/ros/jazzy DEBUGINFOD_URLS=https://debuginfod.ubuntu.com /usr/bin/cmake --install /home/logicbomb/Projects/explorer/build/explorer
[0.601s] Level 1:colcon.colcon_core.environment:checking '/home/logicbomb/Projects/explorer/install/explorer' for CMake module files
[0.601s] Level 1:colcon.colcon_core.environment:checking '/home/logicbomb/Projects/explorer/install/explorer' for CMake config files
[0.601s] Level 1:colcon.colcon_core.shell:create_environment_hook('explorer', 'cmake_prefix_path')
[0.601s] INFO:colcon.colcon_core.shell:Creating environment hook '/home/logicbomb/Projects/explorer/install/explorer/share/explorer/hook/cmake_prefix_path.ps1'
[0.601s] INFO:colcon.colcon_core.shell:Creating environment descriptor '/home/logicbomb/Projects/explorer/install/explorer/share/explorer/hook/cmake_prefix_path.dsv'
[0.601s] INFO:colcon.colcon_core.shell:Creating environment hook '/home/logicbomb/Projects/explorer/install/explorer/share/explorer/hook/cmake_prefix_path.sh'
[0.602s] Level 1:colcon.colcon_core.environment:checking '/home/logicbomb/Projects/explorer/install/explorer/lib'
[0.602s] Level 1:colcon.colcon_core.environment:checking '/home/logicbomb/Projects/explorer/install/explorer/bin'
[0.602s] Level 1:colcon.colcon_core.environment:checking '/home/logicbomb/Projects/explorer/install/explorer/lib/pkgconfig/explorer.pc'
[0.602s] Level 1:colcon.colcon_core.environment:checking '/home/logicbomb/Projects/explorer/install/explorer/lib/python3.12/site-packages'
[0.602s] Level 1:colcon.colcon_core.environment:checking '/home/logicbomb/Projects/explorer/install/explorer/bin'
[0.602s] INFO:colcon.colcon_core.shell:Creating package script '/home/logicbomb/Projects/explorer/install/explorer/share/explorer/package.ps1'
[0.603s] INFO:colcon.colcon_core.shell:Creating package descriptor '/home/logicbomb/Projects/explorer/install/explorer/share/explorer/package.dsv'
[0.603s] INFO:colcon.colcon_core.shell:Creating package script '/home/logicbomb/Projects/explorer/install/explorer/share/explorer/package.sh'
[0.603s] INFO:colcon.colcon_core.shell:Creating package script '/home/logicbomb/Projects/explorer/install/explorer/share/explorer/package.bash'
[0.604s] INFO:colcon.colcon_core.shell:Creating package script '/home/logicbomb/Projects/explorer/install/explorer/share/explorer/package.zsh'
[0.604s] Level 1:colcon.colcon_core.environment:create_file_with_runtime_dependencies(/home/logicbomb/Projects/explorer/install/explorer/share/colcon-core/packages/explorer)
[0.604s] Level 1:colcon.colcon_core.environment:create_environment_scripts_only(explorer)
[0.604s] Level 1:colcon.colcon_core.environment:checking '/home/logicbomb/Projects/explorer/install/explorer' for CMake module files
[0.605s] Level 1:colcon.colcon_core.environment:checking '/home/logicbomb/Projects/explorer/install/explorer' for CMake config files
[0.605s] Level 1:colcon.colcon_core.shell:create_environment_hook('explorer', 'cmake_prefix_path')
[0.605s] INFO:colcon.colcon_core.shell:Creating environment hook '/home/logicbomb/Projects/explorer/install/explorer/share/explorer/hook/cmake_prefix_path.ps1'
[0.605s] INFO:colcon.colcon_core.shell:Creating environment descriptor '/home/logicbomb/Projects/explorer/install/explorer/share/explorer/hook/cmake_prefix_path.dsv'
[0.605s] INFO:colcon.colcon_core.shell:Creating environment hook '/home/logicbomb/Projects/explorer/install/explorer/share/explorer/hook/cmake_prefix_path.sh'
[0.605s] Level 1:colcon.colcon_core.environment:checking '/home/logicbomb/Projects/explorer/install/explorer/lib'
[0.605s] Level 1:colcon.colcon_core.environment:checking '/home/logicbomb/Projects/explorer/install/explorer/bin'
[0.605s] Level 1:colcon.colcon_core.environment:checking '/home/logicbomb/Projects/explorer/install/explorer/lib/pkgconfig/explorer.pc'
[0.606s] Level 1:colcon.colcon_core.environment:checking '/home/logicbomb/Projects/explorer/install/explorer/lib/python3.12/site-packages'
[0.606s] Level 1:colcon.colcon_core.environment:checking '/home/logicbomb/Projects/explorer/install/explorer/bin'
[0.606s] INFO:colcon.colcon_core.shell:Creating package script '/home/logicbomb/Projects/explorer/install/explorer/share/explorer/package.ps1'
[0.606s] INFO:colcon.colcon_core.shell:Creating package descriptor '/home/logicbomb/Projects/explorer/install/explorer/share/explorer/package.dsv'
[0.606s] INFO:colcon.colcon_core.shell:Creating package script '/home/logicbomb/Projects/explorer/install/explorer/share/explorer/package.sh'
[0.607s] INFO:colcon.colcon_core.shell:Creating package script '/home/logicbomb/Projects/explorer/install/explorer/share/explorer/package.bash'
[0.607s] INFO:colcon.colcon_core.shell:Creating package script '/home/logicbomb/Projects/explorer/install/explorer/share/explorer/package.zsh'
[0.607s] Level 1:colcon.colcon_core.environment:create_file_with_runtime_dependencies(/home/logicbomb/Projects/explorer/install/explorer/share/colcon-core/packages/explorer)
[0.607s] DEBUG:colcon.colcon_parallel_executor.executor.parallel:closing loop
[0.607s] DEBUG:colcon.colcon_parallel_executor.executor.parallel:loop closed
[0.607s] DEBUG:colcon.colcon_parallel_executor.executor.parallel:run_until_complete finished with '0'
[0.607s] DEBUG:colcon.colcon_core.event_reactor:joining thread
[0.610s] INFO:colcon.colcon_core.plugin_system:Skipping extension 'colcon_notification.desktop_notification.terminal_notifier': Not used on non-Darwin systems
[0.610s] INFO:colcon.colcon_core.plugin_system:Skipping extension 'colcon_notification.desktop_notification.win32': Not used on non-Windows systems
[0.610s] INFO:colcon.colcon_notification.desktop_notification:Sending desktop notification using 'notify2'
[0.617s] DEBUG:colcon.colcon_core.event_reactor:joined thread
[0.617s] INFO:colcon.colcon_core.shell:Creating prefix script '/home/logicbomb/Projects/explorer/install/local_setup.ps1'
[0.618s] INFO:colcon.colcon_core.shell:Creating prefix util module '/home/logicbomb/Projects/explorer/install/_local_setup_util_ps1.py'
[0.618s] INFO:colcon.colcon_core.shell:Creating prefix chain script '/home/logicbomb/Projects/explorer/install/setup.ps1'
[0.619s] INFO:colcon.colcon_core.shell:Creating prefix script '/home/logicbomb/Projects/explorer/install/local_setup.sh'
[0.619s] INFO:colcon.colcon_core.shell:Creating prefix util module '/home/logicbomb/Projects/explorer/install/_local_setup_util_sh.py'
[0.619s] INFO:colcon.colcon_core.shell:Creating prefix chain script '/home/logicbomb/Projects/explorer/install/setup.sh'
[0.620s] INFO:colcon.colcon_core.shell:Creating prefix script '/home/logicbomb/Projects/explorer/install/local_setup.bash'
[0.620s] INFO:colcon.colcon_core.shell:Creating prefix chain script '/home/logicbomb/Projects/explorer/install/setup.bash'
[0.621s] INFO:colcon.colcon_core.shell:Creating prefix script '/home/logicbomb/Projects/explorer/install/local_setup.zsh'
[0.621s] INFO:colcon.colcon_core.shell:Creating prefix chain script '/home/logicbomb/Projects/explorer/install/setup.zsh'
