[0.079s] DEBUG:colcon:Command line arguments: ['/usr/bin/colcon', 'build']
[0.080s] DEBUG:colcon:Parsed command line arguments: Namespace(log_base=None, log_level=None, verb_name='build', build_base='build', install_base='install', merge_install=False, symlink_install=False, test_result_base=None, continue_on_error=False, executor='parallel', parallel_workers=20, event_handlers=None, ignore_user_meta=False, metas=['./colcon.meta'], base_paths=['.'], packages_ignore=None, packages_ignore_regex=None, paths=None, packages_up_to=None, packages_up_to_regex=None, packages_above=None, packages_above_and_dependencies=None, packages_above_depth=None, packages_select_by_dep=None, packages_skip_by_dep=None, packages_skip_up_to=None, packages_select_build_failed=False, packages_skip_build_finished=False, packages_select_test_failures=False, packages_skip_test_passed=False, packages_select=None, packages_skip=None, packages_select_regex=None, packages_skip_regex=None, packages_start=None, packages_end=None, allow_overriding=[], cmake_args=None, cmake_target=None, cmake_target_skip_unavailable=False, cmake_clean_cache=False, cmake_clean_first=False, cmake_force_configure=False, ament_cmake_args=None, catkin_cmake_args=None, catkin_skip_building_tests=False, mixin_files=None, mixin=None, verb_parser=<colcon_mixin.mixin.mixin_argument.MixinArgumentDecorator object at 0x7cacd769f860>, verb_extension=<colcon_core.verb.build.BuildVerb object at 0x7cacd77f0110>, main=<bound method BuildVerb.main of <colcon_core.verb.build.BuildVerb object at 0x7cacd77f0110>>, mixin_verb=('build',))
[0.102s] Level 1:colcon.colcon_core.package_discovery:discover_packages(colcon_meta) check parameters
[0.102s] Level 1:colcon.colcon_core.package_discovery:discover_packages(recursive) check parameters
[0.102s] Level 1:colcon.colcon_core.package_discovery:discover_packages(ignore) check parameters
[0.102s] Level 1:colcon.colcon_core.package_discovery:discover_packages(path) check parameters
[0.102s] Level 1:colcon.colcon_core.package_discovery:discover_packages(colcon_meta) discover
[0.102s] Level 1:colcon.colcon_core.package_discovery:discover_packages(recursive) discover
[0.102s] INFO:colcon.colcon_core.package_discovery:Crawling recursively for packages in '/home/logicbomb/Projects/explorer'
[0.102s] Level 1:colcon.colcon_core.package_identification:_identify(.) by extensions ['ignore', 'ignore_ament_install']
[0.102s] Level 1:colcon.colcon_core.package_identification:_identify(.) by extension 'ignore'
[0.102s] Level 1:colcon.colcon_core.package_identification:_identify(.) by extension 'ignore_ament_install'
[0.102s] Level 1:colcon.colcon_core.package_identification:_identify(.) by extensions ['colcon_pkg']
[0.102s] Level 1:colcon.colcon_core.package_identification:_identify(.) by extension 'colcon_pkg'
[0.102s] Level 1:colcon.colcon_core.package_identification:_identify(.) by extensions ['colcon_meta']
[0.102s] Level 1:colcon.colcon_core.package_identification:_identify(.) by extension 'colcon_meta'
[0.102s] Level 1:colcon.colcon_core.package_identification:_identify(.) by extensions ['ros']
[0.102s] Level 1:colcon.colcon_core.package_identification:_identify(.) by extension 'ros'
[0.117s] DEBUG:colcon.colcon_core.package_identification:Package '.' with type 'ros.ament_cmake' and name 'explorer'
[0.117s] Level 1:colcon.colcon_core.package_discovery:discover_packages(recursive) using defaults
[0.117s] Level 1:colcon.colcon_core.package_discovery:discover_packages(ignore) discover
[0.117s] Level 1:colcon.colcon_core.package_discovery:discover_packages(ignore) using defaults
[0.117s] Level 1:colcon.colcon_core.package_discovery:discover_packages(path) discover
[0.117s] Level 1:colcon.colcon_core.package_discovery:discover_packages(path) using defaults
[0.127s] Level 1:colcon.colcon_core.package_discovery:discover_packages(prefix_path) check parameters
[0.127s] Level 1:colcon.colcon_core.package_discovery:discover_packages(prefix_path) discover
[0.128s] DEBUG:colcon.colcon_installed_package_information.package_discovery:Found 15 installed packages in /home/logicbomb/ros2_ws/install
[0.129s] DEBUG:colcon.colcon_installed_package_information.package_discovery:Found 507 installed packages in /opt/ros/jazzy
[0.130s] Level 1:colcon.colcon_core.package_discovery:discover_packages(prefix_path) using defaults
[0.161s] Level 5:colcon.colcon_core.verb:set package 'explorer' build argument 'cmake_args' from command line to 'None'
[0.161s] Level 5:colcon.colcon_core.verb:set package 'explorer' build argument 'cmake_target' from command line to 'None'
[0.161s] Level 5:colcon.colcon_core.verb:set package 'explorer' build argument 'cmake_target_skip_unavailable' from command line to 'False'
[0.161s] Level 5:colcon.colcon_core.verb:set package 'explorer' build argument 'cmake_clean_cache' from command line to 'False'
[0.161s] Level 5:colcon.colcon_core.verb:set package 'explorer' build argument 'cmake_clean_first' from command line to 'False'
[0.161s] Level 5:colcon.colcon_core.verb:set package 'explorer' build argument 'cmake_force_configure' from command line to 'False'
[0.161s] Level 5:colcon.colcon_core.verb:set package 'explorer' build argument 'ament_cmake_args' from command line to 'None'
[0.161s] Level 5:colcon.colcon_core.verb:set package 'explorer' build argument 'catkin_cmake_args' from command line to 'None'
[0.161s] Level 5:colcon.colcon_core.verb:set package 'explorer' build argument 'catkin_skip_building_tests' from command line to 'False'
[0.161s] DEBUG:colcon.colcon_core.verb:Building package 'explorer' with the following arguments: {'ament_cmake_args': None, 'build_base': '/home/logicbomb/Projects/explorer/build/explorer', 'catkin_cmake_args': None, 'catkin_skip_building_tests': False, 'cmake_args': None, 'cmake_clean_cache': False, 'cmake_clean_first': False, 'cmake_force_configure': False, 'cmake_target': None, 'cmake_target_skip_unavailable': False, 'install_base': '/home/logicbomb/Projects/explorer/install/explorer', 'merge_install': False, 'path': '/home/logicbomb/Projects/explorer', 'symlink_install': False, 'test_result_base': None}
[0.162s] INFO:colcon.colcon_core.executor:Executing jobs using 'parallel' executor
[0.162s] DEBUG:colcon.colcon_parallel_executor.executor.parallel:run_until_complete
[0.162s] INFO:colcon.colcon_ros.task.ament_cmake.build:Building ROS package in '/home/logicbomb/Projects/explorer' with build type 'ament_cmake'
[0.162s] INFO:colcon.colcon_cmake.task.cmake.build:Building CMake package in '/home/logicbomb/Projects/explorer'
[0.163s] INFO:colcon.colcon_core.plugin_system:Skipping extension 'colcon_core.shell.bat': Not used on non-Windows systems
[0.163s] INFO:colcon.colcon_core.shell:Skip shell extension 'powershell' for command environment: Not usable outside of PowerShell
[0.163s] DEBUG:colcon.colcon_core.shell:Skip shell extension 'dsv' for command environment
[0.169s] DEBUG:colcon.colcon_core.event_handler.log_command:Invoking command in '/home/logicbomb/Projects/explorer/build/explorer': CMAKE_PREFIX_PATH=${CMAKE_PREFIX_PATH}:/home/logicbomb/ros2_ws/install/rtabmap_python:/opt/ros/jazzy DEBUGINFOD_URLS=https://debuginfod.ubuntu.com /usr/bin/cmake /home/logicbomb/Projects/explorer -DCMAKE_INSTALL_PREFIX=/home/logicbomb/Projects/explorer/install/explorer
[1.341s] DEBUG:colcon.colcon_core.event_handler.log_command:Invoked command in '/home/logicbomb/Projects/explorer/build/explorer' returned '0': CMAKE_PREFIX_PATH=${CMAKE_PREFIX_PATH}:/home/logicbomb/ros2_ws/install/rtabmap_python:/opt/ros/jazzy DEBUGINFOD_URLS=https://debuginfod.ubuntu.com /usr/bin/cmake /home/logicbomb/Projects/explorer -DCMAKE_INSTALL_PREFIX=/home/logicbomb/Projects/explorer/install/explorer
[1.342s] DEBUG:colcon.colcon_core.event_handler.log_command:Invoking command in '/home/logicbomb/Projects/explorer/build/explorer': CMAKE_PREFIX_PATH=${CMAKE_PREFIX_PATH}:/home/logicbomb/ros2_ws/install/rtabmap_python:/opt/ros/jazzy DEBUGINFOD_URLS=https://debuginfod.ubuntu.com /usr/bin/cmake --build /home/logicbomb/Projects/explorer/build/explorer -- -j20 -l20
[2.838s] DEBUG:colcon.colcon_core.event_handler.log_command:Invoked command in '/home/logicbomb/Projects/explorer/build/explorer' returned '0': CMAKE_PREFIX_PATH=${CMAKE_PREFIX_PATH}:/home/logicbomb/ros2_ws/install/rtabmap_python:/opt/ros/jazzy DEBUGINFOD_URLS=https://debuginfod.ubuntu.com /usr/bin/cmake --build /home/logicbomb/Projects/explorer/build/explorer -- -j20 -l20
[2.846s] DEBUG:colcon.colcon_core.event_handler.log_command:Invoking command in '/home/logicbomb/Projects/explorer/build/explorer': CMAKE_PREFIX_PATH=${CMAKE_PREFIX_PATH}:/home/logicbomb/ros2_ws/install/rtabmap_python:/opt/ros/jazzy DEBUGINFOD_URLS=https://debuginfod.ubuntu.com /usr/bin/cmake --install /home/logicbomb/Projects/explorer/build/explorer
[2.854s] Level 1:colcon.colcon_core.environment:create_environment_scripts_only(explorer)
[2.855s] DEBUG:colcon.colcon_core.event_handler.log_command:Invoked command in '/home/logicbomb/Projects/explorer/build/explorer' returned '0': CMAKE_PREFIX_PATH=${CMAKE_PREFIX_PATH}:/home/logicbomb/ros2_ws/install/rtabmap_python:/opt/ros/jazzy DEBUGINFOD_URLS=https://debuginfod.ubuntu.com /usr/bin/cmake --install /home/logicbomb/Projects/explorer/build/explorer
[2.856s] Level 1:colcon.colcon_core.environment:checking '/home/logicbomb/Projects/explorer/install/explorer' for CMake module files
[2.856s] Level 1:colcon.colcon_core.environment:checking '/home/logicbomb/Projects/explorer/install/explorer' for CMake config files
[2.856s] Level 1:colcon.colcon_core.shell:create_environment_hook('explorer', 'cmake_prefix_path')
[2.856s] INFO:colcon.colcon_core.shell:Creating environment hook '/home/logicbomb/Projects/explorer/install/explorer/share/explorer/hook/cmake_prefix_path.ps1'
[2.857s] INFO:colcon.colcon_core.shell:Creating environment descriptor '/home/logicbomb/Projects/explorer/install/explorer/share/explorer/hook/cmake_prefix_path.dsv'
[2.857s] INFO:colcon.colcon_core.shell:Creating environment hook '/home/logicbomb/Projects/explorer/install/explorer/share/explorer/hook/cmake_prefix_path.sh'
[2.858s] Level 1:colcon.colcon_core.environment:checking '/home/logicbomb/Projects/explorer/install/explorer/lib'
[2.858s] Level 1:colcon.colcon_core.environment:checking '/home/logicbomb/Projects/explorer/install/explorer/bin'
[2.859s] Level 1:colcon.colcon_core.environment:checking '/home/logicbomb/Projects/explorer/install/explorer/lib/pkgconfig/explorer.pc'
[2.859s] Level 1:colcon.colcon_core.environment:checking '/home/logicbomb/Projects/explorer/install/explorer/lib/python3.12/site-packages'
[2.859s] Level 1:colcon.colcon_core.environment:checking '/home/logicbomb/Projects/explorer/install/explorer/bin'
[2.860s] INFO:colcon.colcon_core.shell:Creating package script '/home/logicbomb/Projects/explorer/install/explorer/share/explorer/package.ps1'
[2.861s] INFO:colcon.colcon_core.shell:Creating package descriptor '/home/logicbomb/Projects/explorer/install/explorer/share/explorer/package.dsv'
[2.861s] INFO:colcon.colcon_core.shell:Creating package script '/home/logicbomb/Projects/explorer/install/explorer/share/explorer/package.sh'
[2.862s] INFO:colcon.colcon_core.shell:Creating package script '/home/logicbomb/Projects/explorer/install/explorer/share/explorer/package.bash'
[2.863s] INFO:colcon.colcon_core.shell:Creating package script '/home/logicbomb/Projects/explorer/install/explorer/share/explorer/package.zsh'
[2.863s] Level 1:colcon.colcon_core.environment:create_file_with_runtime_dependencies(/home/logicbomb/Projects/explorer/install/explorer/share/colcon-core/packages/explorer)
[2.864s] Level 1:colcon.colcon_core.environment:create_environment_scripts_only(explorer)
[2.864s] Level 1:colcon.colcon_core.environment:checking '/home/logicbomb/Projects/explorer/install/explorer' for CMake module files
[2.865s] Level 1:colcon.colcon_core.environment:checking '/home/logicbomb/Projects/explorer/install/explorer' for CMake config files
[2.865s] Level 1:colcon.colcon_core.shell:create_environment_hook('explorer', 'cmake_prefix_path')
[2.865s] INFO:colcon.colcon_core.shell:Creating environment hook '/home/logicbomb/Projects/explorer/install/explorer/share/explorer/hook/cmake_prefix_path.ps1'
[2.865s] INFO:colcon.colcon_core.shell:Creating environment descriptor '/home/logicbomb/Projects/explorer/install/explorer/share/explorer/hook/cmake_prefix_path.dsv'
[2.866s] INFO:colcon.colcon_core.shell:Creating environment hook '/home/logicbomb/Projects/explorer/install/explorer/share/explorer/hook/cmake_prefix_path.sh'
[2.866s] Level 1:colcon.colcon_core.environment:checking '/home/logicbomb/Projects/explorer/install/explorer/lib'
[2.867s] Level 1:colcon.colcon_core.environment:checking '/home/logicbomb/Projects/explorer/install/explorer/bin'
[2.867s] Level 1:colcon.colcon_core.environment:checking '/home/logicbomb/Projects/explorer/install/explorer/lib/pkgconfig/explorer.pc'
[2.867s] Level 1:colcon.colcon_core.environment:checking '/home/logicbomb/Projects/explorer/install/explorer/lib/python3.12/site-packages'
[2.867s] Level 1:colcon.colcon_core.environment:checking '/home/logicbomb/Projects/explorer/install/explorer/bin'
[2.868s] INFO:colcon.colcon_core.shell:Creating package script '/home/logicbomb/Projects/explorer/install/explorer/share/explorer/package.ps1'
[2.868s] INFO:colcon.colcon_core.shell:Creating package descriptor '/home/logicbomb/Projects/explorer/install/explorer/share/explorer/package.dsv'
[2.869s] INFO:colcon.colcon_core.shell:Creating package script '/home/logicbomb/Projects/explorer/install/explorer/share/explorer/package.sh'
[2.870s] INFO:colcon.colcon_core.shell:Creating package script '/home/logicbomb/Projects/explorer/install/explorer/share/explorer/package.bash'
[2.870s] INFO:colcon.colcon_core.shell:Creating package script '/home/logicbomb/Projects/explorer/install/explorer/share/explorer/package.zsh'
[2.870s] Level 1:colcon.colcon_core.environment:create_file_with_runtime_dependencies(/home/logicbomb/Projects/explorer/install/explorer/share/colcon-core/packages/explorer)
[2.871s] DEBUG:colcon.colcon_parallel_executor.executor.parallel:closing loop
[2.871s] DEBUG:colcon.colcon_parallel_executor.executor.parallel:loop closed
[2.871s] DEBUG:colcon.colcon_parallel_executor.executor.parallel:run_until_complete finished with '0'
[2.871s] DEBUG:colcon.colcon_core.event_reactor:joining thread
[2.882s] INFO:colcon.colcon_core.plugin_system:Skipping extension 'colcon_notification.desktop_notification.terminal_notifier': Not used on non-Darwin systems
[2.883s] INFO:colcon.colcon_core.plugin_system:Skipping extension 'colcon_notification.desktop_notification.win32': Not used on non-Windows systems
[2.883s] INFO:colcon.colcon_notification.desktop_notification:Sending desktop notification using 'notify2'
[2.897s] DEBUG:colcon.colcon_core.event_reactor:joined thread
[2.897s] INFO:colcon.colcon_core.shell:Creating prefix script '/home/logicbomb/Projects/explorer/install/local_setup.ps1'
[2.898s] INFO:colcon.colcon_core.shell:Creating prefix util module '/home/logicbomb/Projects/explorer/install/_local_setup_util_ps1.py'
[2.899s] INFO:colcon.colcon_core.shell:Creating prefix chain script '/home/logicbomb/Projects/explorer/install/setup.ps1'
[2.900s] INFO:colcon.colcon_core.shell:Creating prefix script '/home/logicbomb/Projects/explorer/install/local_setup.sh'
[2.901s] INFO:colcon.colcon_core.shell:Creating prefix util module '/home/logicbomb/Projects/explorer/install/_local_setup_util_sh.py'
[2.901s] INFO:colcon.colcon_core.shell:Creating prefix chain script '/home/logicbomb/Projects/explorer/install/setup.sh'
[2.902s] INFO:colcon.colcon_core.shell:Creating prefix script '/home/logicbomb/Projects/explorer/install/local_setup.bash'
[2.902s] INFO:colcon.colcon_core.shell:Creating prefix chain script '/home/logicbomb/Projects/explorer/install/setup.bash'
[2.903s] INFO:colcon.colcon_core.shell:Creating prefix script '/home/logicbomb/Projects/explorer/install/local_setup.zsh'
[2.903s] INFO:colcon.colcon_core.shell:Creating prefix chain script '/home/logicbomb/Projects/explorer/install/setup.zsh'
