[0.007s] Invoking command in '/home/logicbomb/Projects/explorer/build/explorer': CMAKE_PREFIX_PATH=${CMAKE_PREFIX_PATH}:/home/logicbomb/ros2_ws/install/rtabmap_python:/opt/ros/jazzy DEBUGINFOD_URLS=https://debuginfod.ubuntu.com /usr/bin/cmake --build /home/logicbomb/Projects/explorer/build/explorer -- -j20 -l20
[0.050s] [ 50%] [32mBuilding CXX object CMakeFiles/publisher.dir/src/publisher.cpp.o[0m
[1.459s] [100%] [32m[1mLinking CXX executable publisher[0m
[1.558s] [100%] Built target publisher
[1.564s] Invoked command in '/home/logicbomb/Projects/explorer/build/explorer' returned '0': CMAKE_PREFIX_PATH=${CMAKE_PREFIX_PATH}:/home/logicbomb/ros2_ws/install/rtabmap_python:/opt/ros/jazzy DEBUGINFOD_URLS=https://debuginfod.ubuntu.com /usr/bin/cmake --build /home/logicbomb/Projects/explorer/build/explorer -- -j20 -l20
[1.572s] Invoking command in '/home/logicbomb/Projects/explorer/build/explorer': CMAKE_PREFIX_PATH=${CMAKE_PREFIX_PATH}:/home/logicbomb/ros2_ws/install/rtabmap_python:/opt/ros/jazzy DEBUGINFOD_URLS=https://debuginfod.ubuntu.com /usr/bin/cmake --install /home/logicbomb/Projects/explorer/build/explorer
[1.576s] -- Install configuration: ""
[1.576s] -- Installing: /home/logicbomb/Projects/explorer/install/explorer/lib/explorer/publisher
[1.577s] -- Set non-toolchain portion of runtime path of "/home/logicbomb/Projects/explorer/install/explorer/lib/explorer/publisher" to ""
[1.577s] -- Up-to-date: /home/logicbomb/Projects/explorer/install/explorer/share/ament_index/resource_index/package_run_dependencies/explorer
[1.577s] -- Up-to-date: /home/logicbomb/Projects/explorer/install/explorer/share/ament_index/resource_index/parent_prefix_path/explorer
[1.577s] -- Up-to-date: /home/logicbomb/Projects/explorer/install/explorer/share/explorer/environment/ament_prefix_path.sh
[1.577s] -- Up-to-date: /home/logicbomb/Projects/explorer/install/explorer/share/explorer/environment/ament_prefix_path.dsv
[1.577s] -- Up-to-date: /home/logicbomb/Projects/explorer/install/explorer/share/explorer/environment/path.sh
[1.577s] -- Up-to-date: /home/logicbomb/Projects/explorer/install/explorer/share/explorer/environment/path.dsv
[1.577s] -- Up-to-date: /home/logicbomb/Projects/explorer/install/explorer/share/explorer/local_setup.bash
[1.577s] -- Up-to-date: /home/logicbomb/Projects/explorer/install/explorer/share/explorer/local_setup.sh
[1.577s] -- Up-to-date: /home/logicbomb/Projects/explorer/install/explorer/share/explorer/local_setup.zsh
[1.577s] -- Up-to-date: /home/logicbomb/Projects/explorer/install/explorer/share/explorer/local_setup.dsv
[1.577s] -- Installing: /home/logicbomb/Projects/explorer/install/explorer/share/explorer/package.dsv
[1.577s] -- Up-to-date: /home/logicbomb/Projects/explorer/install/explorer/share/ament_index/resource_index/packages/explorer
[1.578s] -- Up-to-date: /home/logicbomb/Projects/explorer/install/explorer/share/explorer/cmake/explorerConfig.cmake
[1.578s] -- Up-to-date: /home/logicbomb/Projects/explorer/install/explorer/share/explorer/cmake/explorerConfig-version.cmake
[1.578s] -- Up-to-date: /home/logicbomb/Projects/explorer/install/explorer/share/explorer/package.xml
[1.578s] Invoked command in '/home/logicbomb/Projects/explorer/build/explorer' returned '0': CMAKE_PREFIX_PATH=${CMAKE_PREFIX_PATH}:/home/logicbomb/ros2_ws/install/rtabmap_python:/opt/ros/jazzy DEBUGINFOD_URLS=https://debuginfod.ubuntu.com /usr/bin/cmake --install /home/logicbomb/Projects/explorer/build/explorer
