[0.007s] Invoking command in '/home/logicbomb/Projects/explorer/build/explorer': CMAKE_PREFIX_PATH=${CMAKE_PREFIX_PATH}:/home/logicbomb/ros2_ws/install/rtabmap_python:/opt/ros/jazzy DEBUGINFOD_URLS=https://debuginfod.ubuntu.com /usr/bin/cmake --build /home/logicbomb/Projects/explorer/build/explorer -- -j20 -l20
[0.061s] [100%] Built target publisher
[0.062s] Invoked command in '/home/logicbomb/Projects/explorer/build/explorer' returned '0': CMAKE_PREFIX_PATH=${CMAKE_PREFIX_PATH}:/home/logicbomb/ros2_ws/install/rtabmap_python:/opt/ros/jazzy DEBUGINFOD_URLS=https://debuginfod.ubuntu.com /usr/bin/cmake --build /home/logicbomb/Projects/explorer/build/explorer -- -j20 -l20
[0.067s] Invoking command in '/home/logicbomb/Projects/explorer/build/explorer': CMAKE_PREFIX_PATH=${CMAKE_PREFIX_PATH}:/home/logicbomb/ros2_ws/install/rtabmap_python:/opt/ros/jazzy DEBUGINFOD_URLS=https://debuginfod.ubuntu.com /usr/bin/cmake --install /home/logicbomb/Projects/explorer/build/explorer
[0.075s] -- Install configuration: ""
[0.075s] -- Up-to-date: /home/logicbomb/Projects/explorer/install/explorer/lib/explorer/publisher
[0.075s] -- Up-to-date: /home/logicbomb/Projects/explorer/install/explorer/share/ament_index/resource_index/package_run_dependencies/explorer
[0.075s] -- Up-to-date: /home/logicbomb/Projects/explorer/install/explorer/share/ament_index/resource_index/parent_prefix_path/explorer
[0.075s] -- Up-to-date: /home/logicbomb/Projects/explorer/install/explorer/share/explorer/environment/ament_prefix_path.sh
[0.075s] -- Up-to-date: /home/logicbomb/Projects/explorer/install/explorer/share/explorer/environment/ament_prefix_path.dsv
[0.075s] -- Up-to-date: /home/logicbomb/Projects/explorer/install/explorer/share/explorer/environment/path.sh
[0.075s] -- Up-to-date: /home/logicbomb/Projects/explorer/install/explorer/share/explorer/environment/path.dsv
[0.075s] -- Up-to-date: /home/logicbomb/Projects/explorer/install/explorer/share/explorer/local_setup.bash
[0.075s] -- Up-to-date: /home/logicbomb/Projects/explorer/install/explorer/share/explorer/local_setup.sh
[0.075s] -- Up-to-date: /home/logicbomb/Projects/explorer/install/explorer/share/explorer/local_setup.zsh
[0.075s] -- Up-to-date: /home/logicbomb/Projects/explorer/install/explorer/share/explorer/local_setup.dsv
[0.075s] -- Installing: /home/logicbomb/Projects/explorer/install/explorer/share/explorer/package.dsv
[0.075s] -- Up-to-date: /home/logicbomb/Projects/explorer/install/explorer/share/ament_index/resource_index/packages/explorer
[0.075s] -- Up-to-date: /home/logicbomb/Projects/explorer/install/explorer/share/explorer/cmake/explorerConfig.cmake
[0.075s] -- Up-to-date: /home/logicbomb/Projects/explorer/install/explorer/share/explorer/cmake/explorerConfig-version.cmake
[0.075s] -- Up-to-date: /home/logicbomb/Projects/explorer/install/explorer/share/explorer/package.xml
[0.076s] Invoked command in '/home/logicbomb/Projects/explorer/build/explorer' returned '0': CMAKE_PREFIX_PATH=${CMAKE_PREFIX_PATH}:/home/logicbomb/ros2_ws/install/rtabmap_python:/opt/ros/jazzy DEBUGINFOD_URLS=https://debuginfod.ubuntu.com /usr/bin/cmake --install /home/logicbomb/Projects/explorer/build/explorer
